// Jest Snapshot v1, https://goo.gl/fbAQLP

exports[`Product should render properly with props 1`] = `
<Fragment>
  <div
    className="col-md-3"
    key="1"
  >
    <div
      className="card mb-4 clickable"
      onClick={[Function]}
    >
      <img
        alt="Brand"
        className="card-img-top rounded"
        src="image"
      />
      <div
        className="card-body"
        style={
          Object {
            "height": "20vh",
          }
        }
      >
        <h6
          className="card-title"
          style={
            Object {
              "fontSize": "12px",
              "marginBottom": "1px",
            }
          }
        >
          Brand
        </h6>
        <p
          className="card-text font-weight-light text-truncate"
          style={
            Object {
              "fontSize": "12px",
              "marginBottom": "1px",
            }
          }
        >
          XYZ
        </p>
      </div>
    </div>
  </div>
</Fragment>
`;
