// Jest Snapshot v1, https://goo.gl/fbAQLP

exports[`Product should render properly with props 1`] = `
<div
  className="card-columns"
>
  <div
    className="card bg-light border-light m-2 clickable"
    key="1"
  >
    <img
      alt="thumbail"
      className="card-img-top rounded"
      src="image"
    />
    <div
      className="card-body"
    >
      <h6
        className="card-title"
      >
        Brand
      </h6>
      <p
        className="card-text"
        style={
          Object {
            "fontFamily": "Arial",
            "fontSize": "12px",
          }
        }
      >
        XYZ
      </p>
      <p
        className="card-text"
        style={
          Object {
            "fontFamily": "Arial",
            "fontSize": "12px",
          }
        }
      >
        $
        22
      </p>
    </div>
  </div>
</div>
`;
