// Jest Snapshot v1, https://goo.gl/fbAQLP

exports[`ListGroup should render properly with props 1`] = `
<ul
  className="list-group m-3 clickable"
>
  <li
    className="list-group-item list-group-item-action list-group-item-light active"
    key="1"
    onClick={[Function]}
    style={
      Object {
        "fontFamily": "san-serif",
        "fontSize": "0.8rem",
        "padding": "0.5rem",
      }
    }
  >
    17 Sundays
  </li>
  <li
    className="list-group-item list-group-item-action list-group-item-light"
    key="2"
    onClick={[Function]}
    style={
      Object {
        "fontFamily": "san-serif",
        "fontSize": "0.8rem",
        "padding": "0.5rem",
      }
    }
  >
    2XU
  </li>
</ul>
`;
